\BOOKMARK [1][-]{section.1}{\376\377\000I\000n\000t\000r\000o\000d\000u\000c\000t\000i\000o\000n}{}% 1
\BOOKMARK [1][-]{section.2}{\376\377\000S\000y\000s\000t\000e\000m\000\040\000M\000o\000d\000e\000l}{}% 2
\BOOKMARK [2][-]{subsection.2.1}{\376\377\000T\000r\000a\000n\000s\000m\000i\000t\000t\000e\000r\000\040\000M\000o\000d\000e\000l}{section.2}% 3
\BOOKMARK [2][-]{subsection.2.2}{\376\377\000F\000a\000r\000-\000F\000i\000e\000l\000d\000\040\000C\000h\000a\000n\000n\000e\000l\000\040\000M\000o\000d\000e\000l}{section.2}% 4
\BOOKMARK [2][-]{subsection.2.3}{\376\377\000R\000e\000f\000e\000r\000e\000n\000c\000e\000-\000A\000s\000s\000i\000s\000t\000e\000d\000\040\000H\000o\000l\000o\000g\000r\000a\000p\000h\000i\000c\000\040\000R\000e\000c\000e\000p\000t\000i\000o\000n\000\040\000M\000o\000d\000e\000l}{section.2}% 5
\BOOKMARK [2][-]{subsection.2.4}{\376\377\000T\000w\000o\000-\000P\000h\000a\000s\000e\000\040\000T\000r\000a\000n\000s\000m\000i\000s\000s\000i\000o\000n\000\040\000P\000r\000o\000t\000o\000c\000o\000l\000\040\000a\000n\000d\000\040\000U\000n\000i\000f\000i\000e\000d\000\040\000O\000b\000s\000e\000r\000v\000a\000t\000i\000o\000n\000\040\000M\000o\000d\000e\000l}{section.2}% 6
\BOOKMARK [3][-]{subsubsection.2.4.1}{\376\377\000T\000r\000a\000i\000n\000i\000n\000g\000\040\000P\000h\000a\000s\000e}{subsection.2.4}% 7
\BOOKMARK [3][-]{subsubsection.2.4.2}{\376\377\000D\000a\000t\000a\000\040\000T\000r\000a\000n\000s\000m\000i\000s\000s\000i\000o\000n\000\040\000P\000h\000a\000s\000e}{subsection.2.4}% 8
\BOOKMARK [1][-]{section.3}{\376\377\000S\000t\000r\000u\000c\000t\000u\000r\000a\000l\000\040\000A\000n\000a\000l\000y\000s\000i\000s\000\040\000o\000f\000\040\000R\000e\000f\000e\000r\000e\000n\000c\000e\000-\000A\000s\000s\000i\000s\000t\000e\000d\000\040\000E\000n\000e\000r\000g\000y\000\040\000D\000e\000t\000e\000c\000t\000i\000o\000n}{}% 9
\BOOKMARK [2][-]{subsection.3.1}{\376\377\000U\000n\000i\000f\000i\000e\000d\000\040\000R\000e\000f\000e\000r\000e\000n\000c\000e\000-\000A\000s\000s\000i\000s\000t\000e\000d\000\040\000P\000h\000a\000s\000e\000\040\000R\000e\000t\000r\000i\000e\000v\000a\000l\000\040\000M\000o\000d\000e\000l}{section.3}% 10
\BOOKMARK [2][-]{subsection.3.2}{\376\377\000A\000m\000b\000i\000g\000u\000i\000t\000y\000\040\000R\000e\000m\000o\000v\000a\000l\000\040\000b\000y\000\040\000t\000h\000e\000\040\000R\000e\000f\000e\000r\000e\000n\000c\000e\000\040\000W\000a\000v\000e}{section.3}% 11
\BOOKMARK [2][-]{subsection.3.3}{\376\377\000I\000d\000e\000n\000t\000i\000f\000i\000a\000b\000i\000l\000i\000t\000y\000\040\000f\000o\000r\000\040\000C\000h\000a\000n\000n\000e\000l\000\040\000E\000s\000t\000i\000m\000a\000t\000i\000o\000n\000\040\000a\000n\000d\000\040\000S\000y\000m\000b\000o\000l\000\040\000D\000e\000t\000e\000c\000t\000i\000o\000n}{section.3}% 12
\BOOKMARK [3][-]{subsubsection.3.3.1}{\376\377\000N\000e\000c\000e\000s\000s\000a\000r\000y\000\040\000C\000o\000n\000d\000i\000t\000i\000o\000n\000\040\000o\000n\000\040\000t\000h\000e\000\040\000E\000f\000f\000e\000c\000t\000i\000v\000e\000\040\000M\000e\000a\000s\000u\000r\000e\000m\000e\000n\000t\000\040\000M\000a\000t\000r\000i\000x}{subsection.3.3}% 13
\BOOKMARK [3][-]{subsubsection.3.3.2}{\376\377\000L\000o\000c\000a\000l\000\040\000I\000d\000e\000n\000t\000i\000f\000i\000a\000b\000i\000l\000i\000t\000y\000\040\000f\000o\000r\000\040\000C\000h\000a\000n\000n\000e\000l\000\040\000E\000s\000t\000i\000m\000a\000t\000i\000o\000n}{subsection.3.3}% 14
\BOOKMARK [3][-]{subsubsection.3.3.3}{\376\377\000D\000i\000s\000c\000r\000e\000t\000e\000\040\000I\000d\000e\000n\000t\000i\000f\000i\000a\000b\000i\000l\000i\000t\000y\000\040\000f\000o\000r\000\040\000D\000a\000t\000a\000\040\000S\000y\000m\000b\000o\000l\000\040\000D\000e\000t\000e\000c\000t\000i\000o\000n}{subsection.3.3}% 15
\BOOKMARK [1][-]{section.4}{\376\377\000C\000h\000a\000n\000n\000e\000l\000\040\000E\000s\000t\000i\000m\000a\000t\000i\000o\000n\000\040\000a\000n\000d\000\040\000D\000a\000t\000a\000\040\000D\000e\000t\000e\000c\000t\000i\000o\000n\000\040\000A\000l\000g\000o\000r\000i\000t\000h\000m\000s}{}% 16
\BOOKMARK [2][-]{subsection.4.1}{\376\377\000S\000t\000a\000g\000e\000\040\000I\000:\000\040\000C\000h\000a\000n\000n\000e\000l\000\040\000P\000a\000r\000a\000m\000e\000t\000e\000r\000\040\000E\000s\000t\000i\000m\000a\000t\000i\000o\000n}{section.4}% 17
\BOOKMARK [2][-]{subsection.4.2}{\376\377\000S\000t\000a\000g\000e\000\040\000I\000I\000:\000\040\000S\000i\000g\000n\000a\000l\000\040\000R\000e\000c\000o\000v\000e\000r\000y\000\040\000f\000r\000o\000m\000\040\000I\000n\000t\000e\000n\000s\000i\000t\000y\000\040\000M\000e\000a\000s\000u\000r\000e\000m\000e\000n\000t\000s}{section.4}% 18
\BOOKMARK [1][-]{section.5}{\376\377\000C\000R\000B\000\040\000A\000n\000a\000l\000y\000s\000i\000s\000\040\000a\000n\000d\000\040\000T\000h\000e\000o\000r\000e\000t\000i\000c\000a\000l\000\040\000B\000o\000u\000n\000d\000s\000\040\000E\000v\000a\000l\000u\000a\000t\000i\000o\000n}{}% 19
\BOOKMARK [2][-]{subsection.5.1}{\376\377\000C\000r\000a\000m\000\351\000r\040\023\000R\000a\000o\000\040\000B\000o\000u\000n\000d\000\040\000A\000n\000a\000l\000y\000s\000i\000s}{section.5}% 20
\BOOKMARK [3][-]{subsubsection.5.1.1}{\376\377\000S\000t\000a\000t\000i\000s\000t\000i\000c\000a\000l\000\040\000M\000o\000d\000e\000l\000\040\000o\000f\000\040\000P\000o\000w\000e\000r\000\040\000M\000e\000a\000s\000u\000r\000e\000m\000e\000n\000t\000s}{subsection.5.1}% 21
\BOOKMARK [3][-]{subsubsection.5.1.2}{\376\377\000F\000i\000s\000h\000e\000r\000\040\000I\000n\000f\000o\000r\000m\000a\000t\000i\000o\000n\000\040\000M\000a\000t\000r\000i\000x}{subsection.5.1}% 22
\BOOKMARK [3][-]{subsubsection.5.1.3}{\376\377\000C\000R\000B\000\040\000f\000o\000r\000\040\000D\000O\000A\000\040\000a\000n\000d\000\040\000C\000h\000a\000n\000n\000e\000l\000\040\000G\000a\000i\000n\000\040\000E\000s\000t\000i\000m\000a\000t\000i\000o\000n}{subsection.5.1}% 23
\BOOKMARK [3][-]{subsubsection.5.1.4}{\376\377\000C\000o\000n\000d\000i\000t\000i\000o\000n\000a\000l\000\040\000C\000R\000B\000\040\000f\000o\000r\000\040\000S\000y\000m\000b\000o\000l\000\040\000E\000s\000t\000i\000m\000a\000t\000i\000o\000n}{subsection.5.1}% 24
\BOOKMARK [2][-]{subsection.5.2}{\376\377\000E\000r\000r\000o\000r\000\040\000B\000o\000u\000n\000d\000\040\000A\000n\000a\000l\000y\000s\000i\000s\000\040\000v\000i\000a\000\040\000P\000e\000r\000t\000u\000r\000b\000a\000t\000i\000o\000n\000\040\000a\000n\000d\000\040\000I\000n\000e\000q\000u\000a\000l\000i\000t\000y\000\040\000R\000e\000l\000a\000x\000a\000t\000i\000o\000n}{section.5}% 25
\BOOKMARK [3][-]{subsubsection.5.2.1}{\376\377\000P\000r\000o\000b\000l\000e\000m\000\040\000S\000e\000t\000u\000p\000\040\000a\000n\000d\000\040\000E\000r\000r\000o\000r\000\040\000D\000e\000f\000i\000n\000i\000t\000i\000o\000n}{subsection.5.2}% 26
\BOOKMARK [3][-]{subsubsection.5.2.2}{\376\377\000L\000o\000c\000a\000l\000\040\000L\000i\000n\000e\000a\000r\000i\000z\000a\000t\000i\000o\000n\000\040\000a\000n\000d\000\040\000R\000e\000s\000i\000d\000u\000a\000l\000\040\000E\000x\000p\000a\000n\000s\000i\000o\000n}{subsection.5.2}% 27
\BOOKMARK [3][-]{subsubsection.5.2.3}{\376\377\000E\000r\000r\000o\000r\000\040\000U\000p\000p\000e\000r\000\040\000B\000o\000u\000n\000d\000\040\000v\000i\000a\000\040\000I\000n\000e\000q\000u\000a\000l\000i\000t\000y\000\040\000R\000e\000l\000a\000x\000a\000t\000i\000o\000n}{subsection.5.2}% 28
\BOOKMARK [2][-]{subsection.5.3}{\376\377\000P\000r\000e\000c\000i\000s\000e\000\040\000E\000s\000t\000i\000m\000a\000t\000i\000o\000n\000\040\000E\000r\000r\000o\000r\000\040\000B\000o\000u\000n\000d\000\040\000w\000i\000t\000h\000\040\000S\000e\000c\000o\000n\000d\000-\000O\000r\000d\000e\000r\000\040\000R\000e\000s\000i\000d\000u\000a\000l\000s}{section.5}% 29
\BOOKMARK [3][-]{subsubsection.5.3.1}{\376\377\000F\000r\000o\000m\000\040\000F\000i\000r\000s\000t\000-\000O\000r\000d\000e\000r\000\040\000A\000p\000p\000r\000o\000x\000i\000m\000a\000t\000i\000o\000n\000\040\000t\000o\000\040\000E\000x\000a\000c\000t\000\040\000E\000x\000p\000r\000e\000s\000s\000i\000o\000n\000\040\000w\000i\000t\000h\000\040\000S\000e\000c\000o\000n\000d\000-\000O\000r\000d\000e\000r\000\040\000R\000e\000m\000a\000i\000n\000d\000e\000r}{subsection.5.3}% 30
\BOOKMARK [3][-]{subsubsection.5.3.2}{\376\377\000D\000e\000r\000i\000v\000a\000t\000i\000o\000n\000\040\000o\000f\000\040\000t\000h\000e\000\040\000R\000e\000f\000i\000n\000e\000d\000\040\000E\000r\000r\000o\000r\000\040\000B\000o\000u\000n\000d}{subsection.5.3}% 31
\BOOKMARK [3][-]{subsubsection.5.3.3}{\376\377\000C\000h\000a\000r\000a\000c\000t\000e\000r\000i\000z\000a\000t\000i\000o\000n\000\040\000o\000f\000\040\000t\000h\000e\000\040\000H\000i\000g\000h\000e\000r\000-\000O\000r\000d\000e\000r\000\040\000R\000e\000m\000a\000i\000n\000d\000e\000r}{subsection.5.3}% 32
\BOOKMARK [3][-]{subsubsection.5.3.4}{\376\377\000C\000l\000o\000s\000e\000d\000-\000F\000o\000r\000m\000\040\000C\000o\000m\000p\000u\000t\000a\000b\000l\000e\000\040\000E\000r\000r\000o\000r\000\040\000B\000o\000u\000n\000d}{subsection.5.3}% 33
\BOOKMARK [3][-]{subsubsection.5.3.5}{\376\377\000E\000r\000r\000o\000r\000\040\000B\000o\000u\000n\000d\000\040\000f\000o\000r\000\040\000S\000y\000m\000b\000o\000l\000\040\000E\000s\000t\000i\000m\000a\000t\000i\000o\000n}{subsection.5.3}% 34
\BOOKMARK [3][-]{subsubsection.5.3.6}{\376\377\000D\000i\000s\000c\000u\000s\000s\000i\000o\000n\000\040\000a\000n\000d\000\040\000L\000i\000m\000i\000t\000a\000t\000i\000o\000n\000s}{subsection.5.3}% 35
\BOOKMARK [2][-]{subsection.5.4}{\376\377\000E\000r\000r\000o\000r\000\040\000P\000r\000o\000p\000a\000g\000a\000t\000i\000o\000n\000\040\000a\000n\000d\000\040\000P\000e\000r\000f\000o\000r\000m\000a\000n\000c\000e\000\040\000C\000h\000a\000r\000a\000c\000t\000e\000r\000i\000z\000a\000t\000i\000o\000n}{section.5}% 36
\BOOKMARK [3][-]{subsubsection.5.4.1}{\376\377\000S\000t\000a\000g\000e\000\040\000I\000:\000\040\000E\000r\000r\000o\000r\000\040\000A\000n\000a\000l\000y\000s\000i\000s\000\040\000o\000f\000\040\000V\000\040\000a\000n\000d\000\040\000A\000\040\000E\000s\000t\000i\000m\000a\000t\000i\000o\000n}{subsection.5.4}% 37
\BOOKMARK [3][-]{subsubsection.5.4.2}{\376\377\000S\000t\000a\000g\000e\000\040\000I\000I\000:\000\040\000S\000y\000m\000b\000o\000l\000\040\000E\000s\000t\000i\000m\000a\000t\000i\000o\000n\000\040\000E\000r\000r\000o\000r\000\040\000w\000i\000t\000h\000\040\000I\000m\000p\000e\000r\000f\000e\000c\000t\000\040\000V\000\040\000a\000n\000d\000\040\000A}{subsection.5.4}% 38
\BOOKMARK [3][-]{subsubsection.5.4.3}{\376\377\000D\000i\000s\000c\000u\000s\000s\000i\000o\000n}{subsection.5.4}% 39
\BOOKMARK [2][-]{subsection.5.5}{\376\377\000D\000i\000s\000c\000u\000s\000s\000i\000o\000n\000\040\000a\000n\000d\000\040\000R\000e\000m\000a\000r\000k\000s}{section.5}% 40
\BOOKMARK [3][-]{subsubsection.5.5.1}{\376\377\000P\000h\000y\000s\000i\000c\000a\000l\000\040\000I\000n\000t\000e\000r\000p\000r\000e\000t\000a\000t\000i\000o\000n\000\040\000o\000f\000\040}{subsection.5.5}% 41
\BOOKMARK [3][-]{subsubsection.5.5.2}{\376\377\000O\000n\000\040\000t\000h\000e\000\040\000I\000n\000i\000t\000i\000a\000l\000\040\000V\000a\000l\000u\000e\000\040\000R\000e\000q\000u\000i\000r\000e\000m\000e\000n\000t\000\040\000o\000f\000\040\000T\000a\000y\000l\000o\000r\000\040\000E\000x\000p\000a\000n\000s\000i\000o\000n}{subsection.5.5}% 42
\BOOKMARK [3][-]{subsubsection.5.5.3}{\376\377\000N\000o\000t\000e\000\040\000o\000n\000\040\000t\000h\000e\000\040\000L\000o\000w\000e\000r\000\040\000B\000o\000u\000n\000d}{subsection.5.5}% 43
\BOOKMARK [3][-]{subsubsection.5.5.4}{\376\377\000E\000x\000p\000l\000i\000c\000i\000t\000\040\000F\000o\000r\000m\000\040\000o\000f\000\040\000t\000h\000e\000\040\000C\000l\000o\000s\000e\000d\000-\000F\000o\000r\000m\000\040\000E\000r\000r\000o\000r\000\040\000B\000o\000u\000n\000d}{subsection.5.5}% 44
\BOOKMARK [3][-]{subsubsection.5.5.5}{\376\377\000S\000u\000m\000m\000a\000r\000y}{subsection.5.5}% 45
\BOOKMARK [1][-]{section.6}{\376\377\000P\000e\000r\000f\000o\000r\000m\000a\000n\000c\000e\000\040\000A\000n\000a\000l\000y\000s\000i\000s\000\040\000o\000f\000\040\000t\000h\000e\000\040\000T\000w\000o\000\040\000s\000t\000a\000g\000e\000\040\000a\000l\000g\000o\000r\000i\000t\000h\000m}{}% 46
\BOOKMARK [2][-]{subsection.6.1}{\376\377\000C\000o\000n\000v\000e\000r\000g\000e\000n\000c\000e\000\040\000A\000n\000a\000l\000y\000s\000i\000s\000\040\000o\000f\000\040\000t\000h\000e\000\040\000T\000w\000o\000\040\000s\000t\000a\000g\000e\000\040\000A\000l\000g\000o\000r\000i\000t\000h\000m}{section.6}% 47
\BOOKMARK [3][-]{subsubsection.6.1.1}{\376\377\000M\000e\000a\000s\000u\000r\000e\000m\000e\000n\000t\000\040\000M\000o\000d\000e\000l\000\040\000a\000n\000d\000\040\000F\000e\000a\000s\000i\000b\000l\000e\000\040\000S\000e\000t\000s}{subsection.6.1}% 48
\BOOKMARK [3][-]{subsubsection.6.1.2}{\376\377\000P\000r\000o\000j\000e\000c\000t\000i\000o\000n\000\040\000O\000p\000e\000r\000a\000t\000o\000r\000s}{subsection.6.1}% 49
\BOOKMARK [3][-]{subsubsection.6.1.3}{\376\377\000M\000o\000n\000o\000t\000o\000n\000i\000c\000\040\000D\000e\000s\000c\000e\000n\000t\000\040\000P\000r\000o\000p\000e\000r\000t\000y}{subsection.6.1}% 50
\BOOKMARK [3][-]{subsubsection.6.1.4}{\376\377\000I\000d\000e\000n\000t\000i\000f\000i\000a\000b\000i\000l\000i\000t\000y\000\040\000a\000n\000d\000\040\000R\000e\000g\000u\000l\000a\000r\000i\000t\000y\000\040\000C\000o\000n\000d\000i\000t\000i\000o\000n\000s}{subsection.6.1}% 51
\BOOKMARK [3][-]{subsubsection.6.1.5}{\376\377\000L\000o\000c\000a\000l\000\040\000C\000o\000n\000v\000e\000r\000g\000e\000n\000c\000e}{subsection.6.1}% 52
\BOOKMARK [3][-]{subsubsection.6.1.6}{\376\377\000S\000t\000a\000b\000i\000l\000i\000t\000y\000\040\000u\000n\000d\000e\000r\000\040\000M\000e\000a\000s\000u\000r\000e\000m\000e\000n\000t\000\040\000N\000o\000i\000s\000e}{subsection.6.1}% 53
\BOOKMARK [2][-]{subsection.6.2}{\376\377\000C\000o\000m\000p\000u\000t\000a\000t\000i\000o\000n\000a\000l\000\040\000C\000o\000m\000p\000l\000e\000x\000i\000t\000y\000\040\000o\000f\000\040\000t\000h\000e\000\040\000G\000S\000-\000B\000a\000s\000e\000d\000\040\000C\000h\000a\000n\000n\000e\000l\000\040\000a\000n\000d\000\040\000D\000O\000A\000\040\000E\000s\000t\000i\000m\000a\000t\000i\000o\000n}{section.6}% 54
\BOOKMARK [3][-]{subsubsection.6.2.1}{\376\377\000F\000o\000r\000w\000a\000r\000d\000\040\000P\000r\000o\000p\000a\000g\000a\000t\000i\000o\000n\000\040\000a\000n\000d\000\040\000A\000m\000p\000l\000i\000t\000u\000d\000e\000\040\000P\000r\000o\000j\000e\000c\000t\000i\000o\000n}{subsection.6.2}% 55
\BOOKMARK [3][-]{subsubsection.6.2.2}{\376\377\000B\000a\000c\000k\000w\000a\000r\000d\000\040\000P\000r\000o\000j\000e\000c\000t\000i\000o\000n\000\040\000v\000i\000a\000\040\000L\000e\000a\000s\000t\000\040\000S\000q\000u\000a\000r\000e\000s}{subsection.6.2}% 56
\BOOKMARK [3][-]{subsubsection.6.2.3}{\376\377\000I\000n\000c\000o\000r\000p\000o\000r\000a\000t\000i\000n\000g\000\040\000t\000h\000e\000\040\000P\000a\000r\000a\000m\000e\000t\000r\000i\000c\000\040\000R\000I\000S\000\040\000S\000t\000r\000u\000c\000t\000u\000r\000e}{subsection.6.2}% 57
\BOOKMARK [3][-]{subsubsection.6.2.4}{\376\377\000O\000v\000e\000r\000a\000l\000l\000\040\000P\000e\000r\000-\000I\000t\000e\000r\000a\000t\000i\000o\000n\000\040\000C\000o\000m\000p\000l\000e\000x\000i\000t\000y}{subsection.6.2}% 58
\BOOKMARK [2][-]{subsection.6.3}{\376\377\000C\000o\000n\000v\000e\000r\000g\000e\000n\000c\000e\000\040\000A\000n\000a\000l\000y\000s\000i\000s\000\040\000o\000f\000\040\000G\000a\000u\000s\000s\040\023\000N\000e\000w\000t\000o\000n\000\040\000S\000y\000m\000b\000o\000l\000\040\000E\000s\000t\000i\000m\000a\000t\000i\000o\000n}{section.6}% 59
\BOOKMARK [2][-]{subsection.6.4}{\376\377\000C\000o\000m\000p\000u\000t\000a\000t\000i\000o\000n\000a\000l\000\040\000C\000o\000m\000p\000l\000e\000x\000i\000t\000y}{section.6}% 60
\BOOKMARK [2][-]{subsection.6.5}{\376\377\000S\000u\000m\000m\000a\000r\000y\000:\000\040\000R\000a\000t\000i\000o\000n\000a\000l\000e\000\040\000f\000o\000r\000\040\000t\000h\000e\000\040\000T\000w\000o\000-\000S\000t\000a\000g\000e\000\040\000G\000S\040\023\000G\000N\000\040\000E\000s\000t\000i\000m\000a\000t\000i\000o\000n\000\040\000S\000t\000r\000a\000t\000e\000g\000y}{section.6}% 61
\BOOKMARK [1][-]{section.7}{\376\377\000S\000i\000n\000g\000l\000e\000-\000S\000n\000a\000p\000s\000h\000o\000t\000\040\000I\000d\000e\000n\000t\000i\000f\000i\000a\000b\000i\000l\000i\000t\000y\000\040\000W\000i\000t\000h\000\040\000R\000I\000S\000\040\000P\000o\000w\000e\000r\000\040\000M\000e\000a\000s\000u\000r\000e\000m\000e\000n\000t\000s}{}% 62
\BOOKMARK [2][-]{subsection.7.1}{\376\377\000S\000t\000a\000g\000e\000\040\000I\000:\000\040\000C\000h\000a\000n\000n\000e\000l\000\040\000a\000n\000d\000\040\000D\000O\000A\000\040\000E\000s\000t\000i\000m\000a\000t\000i\000o\000n\000\040\000M\000o\000d\000e\000l}{section.7}% 63
\BOOKMARK [3][-]{subsubsection.7.1.1}{\376\377\000J\000a\000c\000o\000b\000i\000a\000n\000\040\000o\000f\000\040\000t\000h\000e\000\040\000M\000a\000g\000n\000i\000t\000u\000d\000e\000\040\000M\000a\000p\000p\000i\000n\000g}{subsection.7.1}% 64
\BOOKMARK [3][-]{subsubsection.7.1.2}{\376\377\000L\000o\000c\000a\000l\000\040\000I\000d\000e\000n\000t\000i\000f\000i\000a\000b\000i\000l\000i\000t\000y}{subsection.7.1}% 65
\BOOKMARK [2][-]{subsection.7.2}{\376\377\000S\000t\000a\000g\000e\000\040\000I\000I\000:\000\040\000S\000y\000m\000b\000o\000l\000\040\000D\000e\000t\000e\000c\000t\000i\000o\000n}{section.7}% 66
\BOOKMARK [2][-]{subsection.7.3}{\376\377\000G\000e\000o\000m\000e\000t\000r\000i\000c\000\040\000I\000d\000e\000n\000t\000i\000f\000i\000a\000b\000i\000l\000i\000t\000y\000\040\000o\000f\000\040\000S\000y\000m\000b\000o\000l\000s\000\040\000v\000i\000a\000\040\000a\000\040\000R\000e\000f\000e\000r\000e\000n\000c\000e\000\040\000W\000a\000v\000e}{section.7}% 67
\BOOKMARK [3][-]{subsubsection.7.3.1}{\376\377\000A\000m\000p\000l\000i\000t\000u\000d\000e\000\040\000M\000a\000p\000p\000i\000n\000g\000\040\000a\000n\000d\000\040\000I\000n\000j\000e\000c\000t\000i\000v\000i\000t\000y}{subsection.7.3}% 68
\BOOKMARK [3][-]{subsubsection.7.3.2}{\376\377\000C\000l\000o\000s\000e\000d\000-\000F\000o\000r\000m\000\040\000E\000x\000p\000r\000e\000s\000s\000i\000o\000n\000\040\000o\000f\000\040\000t\000h\000e\000\040\000M\000a\000g\000n\000i\000t\000u\000d\000e}{subsection.7.3}% 69
\BOOKMARK [3][-]{subsubsection.7.3.3}{\376\377\000I\000d\000e\000n\000t\000i\000f\000i\000a\000b\000i\000l\000i\000t\000y\000\040\000f\000o\000r\000\040\000Q\000P\000S\000K}{subsection.7.3}% 70
\BOOKMARK [3][-]{subsubsection.7.3.4}{\376\377\000M\000i\000n\000i\000m\000u\000m\000\040\000A\000m\000p\000l\000i\000t\000u\000d\000e\000\040\000S\000e\000p\000a\000r\000a\000t\000i\000o\000n\000\040\000a\000n\000d\000\040\000R\000e\000f\000e\000r\000e\000n\000c\000e\000-\000W\000a\000v\000e\000\040\000D\000e\000s\000i\000g\000n}{subsection.7.3}% 71
\BOOKMARK [3][-]{subsubsection.7.3.5}{\376\377\000D\000i\000s\000c\000u\000s\000s\000i\000o\000n}{subsection.7.3}% 72
\BOOKMARK [1][-]{section.8}{\376\377\000S\000i\000m\000u\000l\000a\000t\000i\000o\000n\000\040\000R\000e\000s\000u\000l\000t\000s\000\040\000a\000n\000d\000\040\000A\000n\000a\000l\000y\000s\000i\000s}{}% 73
\BOOKMARK [2][-]{subsection.8.1}{\376\377\000S\000i\000m\000u\000l\000a\000t\000i\000o\000n\000\040\000S\000e\000t\000u\000p}{section.8}% 74
\BOOKMARK [2][-]{subsection.8.2}{\376\377\000P\000e\000r\000f\000o\000r\000m\000a\000n\000c\000e\000\040\000M\000e\000t\000r\000i\000c\000s}{section.8}% 75
\BOOKMARK [2][-]{subsection.8.3}{\376\377\000C\000o\000m\000p\000a\000r\000i\000s\000o\000n\000\040\000w\000i\000t\000h\000\040\000A\000l\000t\000e\000r\000n\000a\000t\000i\000v\000e\000\040\000M\000e\000t\000h\000o\000d\000s}{section.8}% 76
\BOOKMARK [1][-]{section.9}{\376\377\000C\000o\000n\000c\000l\000u\000s\000i\000o\000n}{}% 77
\BOOKMARK [1][-]{section*.6}{\376\377\000A\000p\000p\000e\000n\000d\000i\000x\000\040\000A}{}% 78
\BOOKMARK [1][-]{section*.7}{\376\377\000A\000p\000p\000e\000n\000d\000i\000x\000\040\000B}{}% 79
\BOOKMARK [1][-]{section*.8}{\376\377\000R\000e\000f\000e\000r\000e\000n\000c\000e\000s}{}% 80
