This is pdfTeX, Version 3.141592653-2.6-1.40.29 (TeX Live 2026) (preloaded format=pdflatex 2026.4.1)  11 SEP 2026 19:56
entering extended mode
 restricted \write18 enabled.
 file:line:error style messages enabled.
 %&-line parsing enabled.
**main
(./main.tex
LaTeX2e <2025-11-01>
L3 programming layer <2026-01-19>
(d:/APP/texlive/2026/texmf-dist/tex/latex/ieeetran/IEEEtran.cls
Document Class: IEEEtran 2015/08/26 V1.8b by Michael Shell
-- See the "IEEEtran_HOWTO" manual for usage information.
-- http://www.michaelshell.org/tex/ieeetran/
\@IEEEtrantmpdimenA=\dimen148
\@IEEEtrantmpdimenB=\dimen149
\@IEEEtrantmpdimenC=\dimen150
\@IEEEtrantmpcountA=\count275
\@IEEEtrantmpcountB=\count276
\@IEEEtrantmpcountC=\count277
\@IEEEtrantmptoksA=\toks17
LaTeX Font Info:    Trying to load font information for OT1+ptm on input line 503.
(d:/APP/texlive/2026/texmf-dist/tex/latex/psnfss/ot1ptm.fd
File: ot1ptm.fd 2001/06/04 font definitions for OT1/ptm.
)
-- Using 8.5in x 11in (letter) paper.
-- Using PDF output.
\@IEEEnormalsizeunitybaselineskip=\dimen151
-- This is a 10 point document.
LaTeX Encoding Info:    Redeclaring text command \textunderscore (encoding ?) on input line 937.
\CLASSINFOnormalsizebaselineskip=\dimen152
\CLASSINFOnormalsizeunitybaselineskip=\dimen153
\IEEEnormaljot=\dimen154
LaTeX Font Info:    Font shape `OT1/ptm/bx/n' in size <5> not available
(Font)              Font shape `OT1/ptm/b/n' tried instead on input line 1090.
LaTeX Font Info:    Font shape `OT1/ptm/bx/it' in size <5> not available
(Font)              Font shape `OT1/ptm/b/it' tried instead on input line 1090.
LaTeX Font Info:    Font shape `OT1/ptm/bx/n' in size <7> not available
(Font)              Font shape `OT1/ptm/b/n' tried instead on input line 1090.
LaTeX Font Info:    Font shape `OT1/ptm/bx/it' in size <7> not available
(Font)              Font shape `OT1/ptm/b/it' tried instead on input line 1090.
LaTeX Font Info:    Font shape `OT1/ptm/bx/n' in size <8> not available
(Font)              Font shape `OT1/ptm/b/n' tried instead on input line 1090.
LaTeX Font Info:    Font shape `OT1/ptm/bx/it' in size <8> not available
(Font)              Font shape `OT1/ptm/b/it' tried instead on input line 1090.
LaTeX Font Info:    Font shape `OT1/ptm/bx/n' in size <9> not available
(Font)              Font shape `OT1/ptm/b/n' tried instead on input line 1090.
LaTeX Font Info:    Font shape `OT1/ptm/bx/it' in size <9> not available
(Font)              Font shape `OT1/ptm/b/it' tried instead on input line 1090.
LaTeX Font Info:    Font shape `OT1/ptm/bx/n' in size <10> not available
(Font)              Font shape `OT1/ptm/b/n' tried instead on input line 1090.
LaTeX Font Info:    Font shape `OT1/ptm/bx/it' in size <10> not available
(Font)              Font shape `OT1/ptm/b/it' tried instead on input line 1090.
LaTeX Font Info:    Font shape `OT1/ptm/bx/n' in size <11> not available
(Font)              Font shape `OT1/ptm/b/n' tried instead on input line 1090.
LaTeX Font Info:    Font shape `OT1/ptm/bx/it' in size <11> not available
(Font)              Font shape `OT1/ptm/b/it' tried instead on input line 1090.
LaTeX Font Info:    Font shape `OT1/ptm/bx/n' in size <12> not available
(Font)              Font shape `OT1/ptm/b/n' tried instead on input line 1090.
LaTeX Font Info:    Font shape `OT1/ptm/bx/it' in size <12> not available
(Font)              Font shape `OT1/ptm/b/it' tried instead on input line 1090.
LaTeX Font Info:    Font shape `OT1/ptm/bx/n' in size <17> not available
(Font)              Font shape `OT1/ptm/b/n' tried instead on input line 1090.
LaTeX Font Info:    Font shape `OT1/ptm/bx/it' in size <17> not available
(Font)              Font shape `OT1/ptm/b/it' tried instead on input line 1090.
LaTeX Font Info:    Font shape `OT1/ptm/bx/n' in size <20> not available
(Font)              Font shape `OT1/ptm/b/n' tried instead on input line 1090.
LaTeX Font Info:    Font shape `OT1/ptm/bx/it' in size <20> not available
(Font)              Font shape `OT1/ptm/b/it' tried instead on input line 1090.
LaTeX Font Info:    Font shape `OT1/ptm/bx/n' in size <24> not available
(Font)              Font shape `OT1/ptm/b/n' tried instead on input line 1090.
LaTeX Font Info:    Font shape `OT1/ptm/bx/it' in size <24> not available
(Font)              Font shape `OT1/ptm/b/it' tried instead on input line 1090.
\IEEEquantizedlength=\dimen155
\IEEEquantizedlengthdiff=\dimen156
\IEEEquantizedtextheightdiff=\dimen157
\IEEEilabelindentA=\dimen158
\IEEEilabelindentB=\dimen159
\IEEEilabelindent=\dimen160
\IEEEelabelindent=\dimen161
\IEEEdlabelindent=\dimen162
\IEEElabelindent=\dimen163
\IEEEiednormlabelsep=\dimen164
\IEEEiedmathlabelsep=\dimen165
\IEEEiedtopsep=\skip49
\c@section=\count278
\c@subsection=\count279
\c@subsubsection=\count280
\c@paragraph=\count281
\c@IEEEsubequation=\count282
\abovecaptionskip=\skip50
\belowcaptionskip=\skip51
\c@figure=\count283
\c@table=\count284
\@IEEEeqnnumcols=\count285
\@IEEEeqncolcnt=\count286
\@IEEEsubeqnnumrollback=\count287
\@IEEEquantizeheightA=\dimen166
\@IEEEquantizeheightB=\dimen167
\@IEEEquantizeheightC=\dimen168
\@IEEEquantizeprevdepth=\dimen169
\@IEEEquantizemultiple=\count288
\@IEEEquantizeboxA=\box53
\@IEEEtmpitemindent=\dimen170
\IEEEPARstartletwidth=\dimen171
\c@IEEEbiography=\count289
\@IEEEtranrubishbin=\box54
) (d:/APP/texlive/2026/texmf-dist/tex/latex/cite/cite.sty
LaTeX Info: Redefining \cite on input line 302.
LaTeX Info: Redefining \nocite on input line 332.
Package: cite 2015/02/27  v 5.5
) (d:/APP/texlive/2026/texmf-dist/tex/latex/amsmath/amsmath.sty
Package: amsmath 2025/07/09 v2.17z AMS math features
\@mathmargin=\skip52

For additional information on amsmath, use the `?' option.
(d:/APP/texlive/2026/texmf-dist/tex/latex/amsmath/amstext.sty
Package: amstext 2024/11/17 v2.01 AMS text
 (d:/APP/texlive/2026/texmf-dist/tex/latex/amsmath/amsgen.sty
File: amsgen.sty 1999/11/30 v2.0 generic functions
\@emptytoks=\toks18
\ex@=\dimen172
)) (d:/APP/texlive/2026/texmf-dist/tex/latex/amsmath/amsbsy.sty
Package: amsbsy 1999/11/29 v1.2d Bold Symbols
\pmbraise@=\dimen173
) (d:/APP/texlive/2026/texmf-dist/tex/latex/amsmath/amsopn.sty
Package: amsopn 2022/04/08 v2.04 operator names
)
\inf@bad=\count290
LaTeX Info: Redefining \frac on input line 233.
\uproot@=\count291
\leftroot@=\count292
LaTeX Info: Redefining \overline on input line 398.
LaTeX Info: Redefining \colon on input line 409.
\classnum@=\count293
\DOTSCASE@=\count294
LaTeX Info: Redefining \ldots on input line 495.
LaTeX Info: Redefining \dots on input line 498.
LaTeX Info: Redefining \cdots on input line 619.
\Mathstrutbox@=\box55
\strutbox@=\box56
LaTeX Info: Redefining \big on input line 721.
LaTeX Info: Redefining \Big on input line 722.
LaTeX Info: Redefining \bigg on input line 723.
LaTeX Info: Redefining \Bigg on input line 724.
\big@size=\dimen174
LaTeX Font Info:    Redeclaring font encoding OML on input line 742.
LaTeX Font Info:    Redeclaring font encoding OMS on input line 743.
\macc@depth=\count295
LaTeX Info: Redefining \bmod on input line 904.
LaTeX Info: Redefining \pmod on input line 909.
LaTeX Info: Redefining \smash on input line 939.
LaTeX Info: Redefining \relbar on input line 969.
LaTeX Info: Redefining \Relbar on input line 970.
\c@MaxMatrixCols=\count296
\dotsspace@=\muskip17
\c@parentequation=\count297
\dspbrk@lvl=\count298
\tag@help=\toks19
\row@=\count299
\column@=\count300
\maxfields@=\count301
\andhelp@=\toks20
\eqnshift@=\dimen175
\alignsep@=\dimen176
\tagshift@=\dimen177
\tagwidth@=\dimen178
\totwidth@=\dimen179
\lineht@=\dimen180
\@envbody=\toks21
\multlinegap=\skip53
\multlinetaggap=\skip54
\mathdisplay@stack=\toks22
LaTeX Info: Redefining \[ on input line 2950.
LaTeX Info: Redefining \] on input line 2951.
) (d:/APP/texlive/2026/texmf-dist/tex/latex/amsfonts/amssymb.sty
Package: amssymb 2013/01/14 v3.01 AMS font symbols
 (d:/APP/texlive/2026/texmf-dist/tex/latex/amsfonts/amsfonts.sty
Package: amsfonts 2013/01/14 v3.01 Basic AMSFonts support
\symAMSa=\mathgroup4
\symAMSb=\mathgroup5
LaTeX Font Info:    Redeclaring math symbol \hbar on input line 98.
LaTeX Font Info:    Overwriting math alphabet `\mathfrak' in version `bold'
(Font)                  U/euf/m/n --> U/euf/b/n on input line 106.
)) (d:/APP/texlive/2026/texmf-dist/tex/latex/graphics/graphicx.sty
Package: graphicx 2024/12/31 v1.2e Enhanced LaTeX Graphics (DPC,SPQR)
 (d:/APP/texlive/2026/texmf-dist/tex/latex/graphics/keyval.sty
Package: keyval 2022/05/29 v1.15 key=value parser (DPC)
\KV@toks@=\toks23
) (d:/APP/texlive/2026/texmf-dist/tex/latex/graphics/graphics.sty
Package: graphics 2024/08/06 v1.4g Standard LaTeX Graphics (DPC,SPQR)
 (d:/APP/texlive/2026/texmf-dist/tex/latex/graphics/trig.sty
Package: trig 2023/12/02 v1.11 sin cos tan (DPC)
) (d:/APP/texlive/2026/texmf-dist/tex/latex/graphics-cfg/graphics.cfg
File: graphics.cfg 2016/06/04 v1.11 sample graphics configuration
)
Package graphics Info: Driver file: pdftex.def on input line 106.
 (d:/APP/texlive/2026/texmf-dist/tex/latex/graphics-def/pdftex.def
File: pdftex.def 2025/09/29 v1.2d Graphics/color driver for pdftex
))
\Gin@req@height=\dimen181
\Gin@req@width=\dimen182
) (d:/APP/texlive/2026/texmf-dist/tex/latex/base/textcomp.sty
Package: textcomp 2024/04/24 v2.1b Standard LaTeX package
) (d:/APP/texlive/2026/texmf-dist/tex/latex/xcolor/xcolor.sty
Package: xcolor 2024/09/29 v3.02 LaTeX color extensions (UK)
 (d:/APP/texlive/2026/texmf-dist/tex/latex/graphics-cfg/color.cfg
File: color.cfg 2016/01/02 v1.6 sample color configuration
)
Package xcolor Info: Driver file: pdftex.def on input line 274.
 (d:/APP/texlive/2026/texmf-dist/tex/latex/graphics/mathcolor.ltx)
Package xcolor Info: Model `cmy' substituted by `cmy0' on input line 1349.
Package xcolor Info: Model `hsb' substituted by `rgb' on input line 1353.
Package xcolor Info: Model `RGB' extended on input line 1365.
Package xcolor Info: Model `HTML' substituted by `rgb' on input line 1367.
Package xcolor Info: Model `Hsb' substituted by `hsb' on input line 1368.
Package xcolor Info: Model `tHsb' substituted by `hsb' on input line 1369.
Package xcolor Info: Model `HSB' substituted by `hsb' on input line 1370.
Package xcolor Info: Model `Gray' substituted by `gray' on input line 1371.
Package xcolor Info: Model `wave' substituted by `hsb' on input line 1372.
) (d:/APP/texlive/2026/texmf-dist/tex/latex/booktabs/booktabs.sty
Package: booktabs 2020/01/12 v1.61803398 Publication quality tables
\heavyrulewidth=\dimen183
\lightrulewidth=\dimen184
\cmidrulewidth=\dimen185
\belowrulesep=\dimen186
\belowbottomsep=\dimen187
\aboverulesep=\dimen188
\abovetopsep=\dimen189
\cmidrulesep=\dimen190
\cmidrulekern=\dimen191
\defaultaddspace=\dimen192
\@cmidla=\count302
\@cmidlb=\count303
\@aboverulesep=\dimen193
\@belowrulesep=\dimen194
\@thisruleclass=\count304
\@lastruleclass=\count305
\@thisrulewidth=\dimen195
) (d:/APP/texlive/2026/texmf-dist/tex/latex/placeins/placeins.sty
Package: placeins 2005/04/18  v 2.2
) (d:/APP/texlive/2026/texmf-dist/tex/latex/base/inputenc.sty
Package: inputenc 2024/02/08 v1.3d Input encoding file
\inpenc@prehook=\toks24
\inpenc@posthook=\toks25
) (d:/APP/texlive/2026/texmf-dist/tex/latex/base/fontenc.sty
Package: fontenc 2025/07/18 v2.1d Standard LaTeX package
LaTeX Font Info:    Trying to load font information for T1+ptm on input line 116.
 (d:/APP/texlive/2026/texmf-dist/tex/latex/psnfss/t1ptm.fd
File: t1ptm.fd 2001/06/04 font definitions for T1/ptm.
)) (d:/APP/texlive/2026/texmf-dist/tex/latex/tools/bm.sty
Package: bm 2025/10/21 v1.2g Bold Symbol Support (DPC/FMi)
\symboldoperators=\mathgroup6
\symboldletters=\mathgroup7
\symboldsymbols=\mathgroup8
Package bm Info: No bold for \OMX/cmex/m/n, using \pmb.
Package bm Info: No bold for \U/msa/m/n, using \pmb.
Package bm Info: No bold for \U/msb/m/n, using \pmb.
LaTeX Font Info:    Redeclaring math alphabet \mathbf on input line 149.
) (d:/APP/texlive/2026/texmf-dist/tex/latex/mathtools/mathtools.sty
Package: mathtools 2024/10/04 v1.31 mathematical typesetting tools
 (d:/APP/texlive/2026/texmf-dist/tex/latex/tools/calc.sty
Package: calc 2025/03/01 v4.3b Infix arithmetic (KKT,FJ)
\calc@Acount=\count306
\calc@Bcount=\count307
\calc@Adimen=\dimen196
\calc@Bdimen=\dimen197
\calc@Askip=\skip55
\calc@Bskip=\skip56
LaTeX Info: Redefining \setlength on input line 86.
LaTeX Info: Redefining \addtolength on input line 87.
\calc@Ccount=\count308
\calc@Cskip=\skip57
) (d:/APP/texlive/2026/texmf-dist/tex/latex/mathtools/mhsetup.sty
Package: mhsetup 2021/03/18 v1.4 programming setup (MH)
)
\g_MT_multlinerow_int=\count309
\l_MT_multwidth_dim=\dimen198
\origjot=\skip58
\l_MT_shortvdotswithinadjustabove_dim=\dimen199
\l_MT_shortvdotswithinadjustbelow_dim=\dimen256
\l_MT_above_intertext_sep=\dimen257
\l_MT_below_intertext_sep=\dimen258
\l_MT_above_shortintertext_sep=\dimen259
\l_MT_below_shortintertext_sep=\dimen260
\xmathstrut@box=\box57
\xmathstrut@dim=\dimen261
) (d:/APP/texlive/2026/texmf-dist/tex/latex/amscls/amsthm.sty
Package: amsthm 2020/05/29 v2.20.6
\thm@style=\toks26
\thm@bodyfont=\toks27
\thm@headfont=\toks28
\thm@notefont=\toks29
\thm@headpunct=\toks30
\thm@preskip=\skip59
\thm@postskip=\skip60
\thm@headsep=\skip61
\dth@everypar=\toks31
) (d:/APP/texlive/2026/texmf-dist/tex/latex/algorithms/algorithm.sty
Package: algorithm 2009/08/24 v0.1 Document Style `algorithm' - floating environment
 (d:/APP/texlive/2026/texmf-dist/tex/latex/float/float.sty
Package: float 2001/11/08 v1.3d Float enhancements (AL)
\c@float@type=\count310
\float@exts=\toks32
\float@box=\box58
\@float@everytoks=\toks33
\@floatcapt=\box59
) (d:/APP/texlive/2026/texmf-dist/tex/latex/base/ifthen.sty
Package: ifthen 2024/03/16 v1.1e Standard LaTeX ifthen package (DPC)
)
\@float@every@algorithm=\toks34
\c@algorithm=\count311
) (d:/APP/texlive/2026/texmf-dist/tex/latex/algorithms/algorithmic.sty
Package: algorithmic 2009/08/24 v0.1 Document Style `algorithmic'
\c@ALC@unique=\count312
\c@ALC@line=\count313
\c@ALC@rem=\count314
\c@ALC@depth=\count315
\ALC@tlm=\skip62
\algorithmicindent=\skip63
) (d:/APP/texlive/2026/texmf-dist/tex/latex/hyperref/hyperref.sty
Package: hyperref 2026-01-29 v7.01p Hypertext links for LaTeX
 (d:/APP/texlive/2026/texmf-dist/tex/generic/iftex/iftex.sty
Package: iftex 2024/12/12 v1.0g TeX engine tests
) (d:/APP/texlive/2026/texmf-dist/tex/latex/kvsetkeys/kvsetkeys.sty
Package: kvsetkeys 2022-10-05 v1.19 Key value parser (HO)
) (d:/APP/texlive/2026/texmf-dist/tex/generic/kvdefinekeys/kvdefinekeys.sty
Package: kvdefinekeys 2019-12-19 v1.6 Define keys (HO)
) (d:/APP/texlive/2026/texmf-dist/tex/generic/pdfescape/pdfescape.sty
Package: pdfescape 2019/12/09 v1.15 Implements pdfTeX's escape features (HO)
 (d:/APP/texlive/2026/texmf-dist/tex/generic/ltxcmds/ltxcmds.sty
Package: ltxcmds 2023-12-04 v1.26 LaTeX kernel commands for general use (HO)
) (d:/APP/texlive/2026/texmf-dist/tex/generic/pdftexcmds/pdftexcmds.sty
Package: pdftexcmds 2020-06-27 v0.33 Utility functions of pdfTeX for LuaTeX (HO)
 (d:/APP/texlive/2026/texmf-dist/tex/generic/infwarerr/infwarerr.sty
Package: infwarerr 2019/12/03 v1.5 Providing info/warning/error messages (HO)
)
Package pdftexcmds Info: \pdf@primitive is available.
Package pdftexcmds Info: \pdf@ifprimitive is available.
Package pdftexcmds Info: \pdfdraftmode found.
)) (d:/APP/texlive/2026/texmf-dist/tex/latex/hycolor/hycolor.sty
Package: hycolor 2020-01-27 v1.10 Color options for hyperref/bookmark (HO)
) (d:/APP/texlive/2026/texmf-dist/tex/latex/hyperref/nameref.sty
Package: nameref 2026-01-29 v2.58 Cross-referencing by name of section
 (d:/APP/texlive/2026/texmf-dist/tex/latex/refcount/refcount.sty
Package: refcount 2019/12/15 v3.6 Data extraction from label references (HO)
) (d:/APP/texlive/2026/texmf-dist/tex/generic/gettitlestring/gettitlestring.sty
Package: gettitlestring 2019/12/15 v1.6 Cleanup title references (HO)
 (d:/APP/texlive/2026/texmf-dist/tex/latex/kvoptions/kvoptions.sty
Package: kvoptions 2022-06-15 v3.15 Key value format for package options (HO)
))
\c@section@level=\count316
) (d:/APP/texlive/2026/texmf-dist/tex/latex/etoolbox/etoolbox.sty
Package: etoolbox 2025/10/02 v2.5m e-TeX tools for LaTeX (JAW)
\etb@tempcnta=\count317
) (d:/APP/texlive/2026/texmf-dist/tex/generic/stringenc/stringenc.sty
Package: stringenc 2019/11/29 v1.12 Convert strings between diff. encodings (HO)
)
\@linkdim=\dimen262
\Hy@linkcounter=\count318
\Hy@pagecounter=\count319
 (d:/APP/texlive/2026/texmf-dist/tex/latex/hyperref/pd1enc.def
File: pd1enc.def 2026-01-29 v7.01p Hyperref: PDFDocEncoding definition (HO)
Now handling font encoding PD1 ...
... no UTF-8 mapping file for font encoding PD1
) (d:/APP/texlive/2026/texmf-dist/tex/generic/intcalc/intcalc.sty
Package: intcalc 2019/12/15 v1.3 Expandable calculations with integers (HO)
)
\Hy@SavedSpaceFactor=\count320
 (d:/APP/texlive/2026/texmf-dist/tex/latex/hyperref/puenc.def
File: puenc.def 2026-01-29 v7.01p Hyperref: PDF Unicode definition (HO)
Now handling font encoding PU ...
... no UTF-8 mapping file for font encoding PU
)
Package hyperref Info: Hyper figures OFF on input line 4201.
Package hyperref Info: Link nesting OFF on input line 4206.
Package hyperref Info: Hyper index ON on input line 4209.
Package hyperref Info: Plain pages OFF on input line 4216.
Package hyperref Info: Backreferencing OFF on input line 4221.
Package hyperref Info: Implicit mode ON; LaTeX internals redefined.
Package hyperref Info: Bookmarks ON on input line 4468.
\c@Hy@tempcnt=\count321
 (d:/APP/texlive/2026/texmf-dist/tex/latex/url/url.sty
\Urlmuskip=\muskip18
Package: url 2013/09/16  ver 3.4  Verb mode for urls, etc.
)
LaTeX Info: Redefining \url on input line 4807.
\XeTeXLinkMargin=\dimen263
 (d:/APP/texlive/2026/texmf-dist/tex/generic/bitset/bitset.sty
Package: bitset 2019/12/09 v1.3 Handle bit-vector datatype (HO)
 (d:/APP/texlive/2026/texmf-dist/tex/generic/bigintcalc/bigintcalc.sty
Package: bigintcalc 2019/12/15 v1.5 Expandable calculations on big integers (HO)
))
\Fld@menulength=\count322
\Field@Width=\dimen264
\Fld@charsize=\dimen265
Package hyperref Info: Hyper figures OFF on input line 6084.
Package hyperref Info: Link nesting OFF on input line 6089.
Package hyperref Info: Hyper index ON on input line 6092.
Package hyperref Info: backreferencing OFF on input line 6099.
Package hyperref Info: Link coloring OFF on input line 6104.
Package hyperref Info: Link coloring with OCG OFF on input line 6109.
Package hyperref Info: PDF/A mode OFF on input line 6114.
\Hy@abspage=\count323
\c@Item=\count324
\c@Hfootnote=\count325
)
Package hyperref Info: Driver (autodetected): hpdftex.
 (d:/APP/texlive/2026/texmf-dist/tex/latex/hyperref/hpdftex.def
File: hpdftex.def 2026-01-29 v7.01p Hyperref driver for pdfTeX
\Fld@listcount=\count326
\c@bookmark@seq@number=\count327
 (d:/APP/texlive/2026/texmf-dist/tex/latex/rerunfilecheck/rerunfilecheck.sty
Package: rerunfilecheck 2025-06-21 v1.11 Rerun checks for auxiliary files (HO)
 (d:/APP/texlive/2026/texmf-dist/tex/generic/uniquecounter/uniquecounter.sty
Package: uniquecounter 2019/12/15 v1.4 Provide unlimited unique counter (HO)
)
Package uniquecounter Info: New unique counter `rerunfilecheck' on input line 284.
)
\Hy@SectionHShift=\skip64
)
\c@theorem=\count328
\c@lemma=\count329
\c@corollary=\count330
\c@definition=\count331
\c@example=\count332
\c@proposition=\count333
\c@remark=\count334
 (d:/APP/texlive/2026/texmf-dist/tex/latex/l3backend/l3backend-pdftex.def
File: l3backend-pdftex.def 2025-10-09 L3 backend support: PDF output (pdfTeX)
\l__color_backend_stack_int=\count335
) (./main.aux)
\openout1 = `main.aux'.

LaTeX Font Info:    Checking defaults for OML/cmm/m/it on input line 43.
LaTeX Font Info:    ... okay on input line 43.
LaTeX Font Info:    Checking defaults for OMS/cmsy/m/n on input line 43.
LaTeX Font Info:    ... okay on input line 43.
LaTeX Font Info:    Checking defaults for OT1/cmr/m/n on input line 43.
LaTeX Font Info:    ... okay on input line 43.
LaTeX Font Info:    Checking defaults for T1/cmr/m/n on input line 43.
LaTeX Font Info:    ... okay on input line 43.
LaTeX Font Info:    Checking defaults for TS1/cmr/m/n on input line 43.
LaTeX Font Info:    ... okay on input line 43.
LaTeX Font Info:    Checking defaults for OMX/cmex/m/n on input line 43.
LaTeX Font Info:    ... okay on input line 43.
LaTeX Font Info:    Checking defaults for U/cmr/m/n on input line 43.
LaTeX Font Info:    ... okay on input line 43.
LaTeX Font Info:    Checking defaults for PD1/pdf/m/n on input line 43.
LaTeX Font Info:    ... okay on input line 43.
LaTeX Font Info:    Checking defaults for PU/pdf/m/n on input line 43.
LaTeX Font Info:    ... okay on input line 43.

-- Lines per column: 58 (exact).
(d:/APP/texlive/2026/texmf-dist/tex/context/base/mkii/supp-pdf.mkii
[Loading MPS to PDF converter (version 2006.09.02).]
\scratchcounter=\count336
\scratchdimen=\dimen266
\scratchbox=\box60
\nofMPsegments=\count337
\nofMParguments=\count338
\everyMPshowfont=\toks35
\MPscratchCnt=\count339
\MPscratchDim=\dimen267
\MPnumerator=\count340
\makeMPintoPDFobject=\count341
\everyMPtoPDFconversion=\toks36
) (d:/APP/texlive/2026/texmf-dist/tex/latex/epstopdf-pkg/epstopdf-base.sty
Package: epstopdf-base 2020-01-24 v2.11 Base part for package epstopdf
Package epstopdf-base Info: Redefining graphics rule for `.eps' on input line 485.
 (d:/APP/texlive/2026/texmf-dist/tex/latex/latexconfig/epstopdf-sys.cfg
File: epstopdf-sys.cfg 2010/07/13 v1.3 Configuration of (r)epstopdf for TeX Live
))
Package hyperref Info: Link coloring OFF on input line 43.
 (./main.out) (./main.out)
\@outlinefile=\write3
\openout3 = `main.out'.


Underfull \hbox (badness 3108) in paragraph at lines 78--79
\T1/ptm/m/n/10 ceivers. We first sep-a-rate field-domain in-jec-tiv-ity from
 []

[1{d:/APP/texlive/2026/texmf-var/fonts/map/pdftex/updmap/pdftex.map}{d:/APP/texlive/2026/texmf-dist/fonts/enc/dvips/base/8r.enc}


]
LaTeX Font Info:    Trying to load font information for U+msa on input line 82.
 (d:/APP/texlive/2026/texmf-dist/tex/latex/amsfonts/umsa.fd
File: umsa.fd 2013/01/14 v3.01 AMS symbols A
)
LaTeX Font Info:    Trying to load font information for U+msb on input line 82.
 (d:/APP/texlive/2026/texmf-dist/tex/latex/amsfonts/umsb.fd
File: umsb.fd 2013/01/14 v3.01 AMS symbols B
)
<images/model/model.png, id=204, 836.12375pt x 627.34375pt>
File: images/model/model.png Graphic file (type png)
<use images/model/model.png>
Package pdftex.def Info: images/model/model.png  used on input line 96.
(pdftex.def)             Requested size: 239.39923pt x 179.61806pt.
 [2 <./images/model/model.png (PNG copy)>] [3]
Underfull \hbox (badness 10000) in paragraph at lines 413--417
[]\T1/ptm/m/n/10 For $\OML/cmm/b/it/10 ^^R \OMS/cmsy/m/n/10 2 \U/msb/m/n/10 C[]$\T1/ptm/m/n/10 , de-fine the re-al-i-fi-ca-tion $\OML/cmm/b/it/10 ^^R[] \OT1/cmr/m/n/10 =
 []

[4] [5]
Underfull \hbox (badness 6792) in paragraph at lines 956--965
\T1/ptm/m/n/10 where the $\OML/cmm/m/it/10 ^^S\OT1/cmr/m/n/10 (\OML/cmm/m/it/10 n; m\OT1/cmr/m/n/10 )$\T1/ptm/m/n/10 -th en-tries are $[][] \OT1/cmr/m/n/10 =
 []


Underfull \hbox (badness 8170) in paragraph at lines 956--965
\OML/cmm/m/it/10 k[] [] ^^R[] []$ \T1/ptm/m/n/10 and $[][] \OT1/cmr/m/n/10 =
 []

[6]
Package hyperref Info: bookmark level for unknown algorithm defaults to 0 on input line 1136.
 [7] [8]
Package epstopdf Info: Source file: <simulation_results/ch5_doa_crlb_high_mc_2026/results/fig_doa_rmse_crlb_snr_high_mc.eps>
(epstopdf)                    date: 2026-08-31 19:13:29
(epstopdf)                    size: 27688 bytes
(epstopdf)             Output file: <simulation_results/ch5_doa_crlb_high_mc_2026/results/fig_doa_rmse_crlb_snr_high_mc-eps-converted-to.pdf>
(epstopdf)                    date: 2026-08-31 19:15:50
(epstopdf)                    size: 11377 bytes
(epstopdf)             Command: <repstopdf --outfile=simulation_results/ch5_doa_crlb_high_mc_2026/results/fig_doa_rmse_crlb_snr_high_mc-eps-converted-to.pdf simulation_results/ch5_doa_crlb_high_mc_2026/results/fig_doa_rmse_crlb_snr_high_mc.eps>
(epstopdf)             \includegraphics on input line 1520.
Package epstopdf Info: Output file is already uptodate.
<simulation_results/ch5_doa_crlb_high_mc_2026/results/fig_doa_rmse_crlb_snr_high_mc-eps-converted-to.pdf, id=430, 355.3275pt x 271.0125pt>
File: simulation_results/ch5_doa_crlb_high_mc_2026/results/fig_doa_rmse_crlb_snr_high_mc-eps-converted-to.pdf Graphic file (type pdf)
<use simulation_results/ch5_doa_crlb_high_mc_2026/results/fig_doa_rmse_crlb_snr_high_mc-eps-converted-to.pdf>
Package pdftex.def Info: simulation_results/ch5_doa_crlb_high_mc_2026/results/fig_doa_rmse_crlb_snr_high_mc-eps-converted-to.pdf  used on input line 1520.
(pdftex.def)             Requested size: 239.39923pt x 182.59885pt.
Package epstopdf Info: Source file: <simulation_results/ch5_pilot_length_nested_high_mc_2026/results/fig_channel_nmse_pilot_length_nested_high_mc.eps>
(epstopdf)                    date: 2026-09-02 19:31:04
(epstopdf)                    size: 20679 bytes
(epstopdf)             Output file: <simulation_results/ch5_pilot_length_nested_high_mc_2026/results/fig_channel_nmse_pilot_length_nested_high_mc-eps-converted-to.pdf>
(epstopdf)                    date: 2026-09-02 19:32:32
(epstopdf)                    size: 10813 bytes
(epstopdf)             Command: <repstopdf --outfile=simulation_results/ch5_pilot_length_nested_high_mc_2026/results/fig_channel_nmse_pilot_length_nested_high_mc-eps-converted-to.pdf simulation_results/ch5_pilot_length_nested_high_mc_2026/results/fig_channel_nmse_pilot_length_nested_high_mc.eps>
(epstopdf)             \includegraphics on input line 1532.
Package epstopdf Info: Output file is already uptodate.
<simulation_results/ch5_pilot_length_nested_high_mc_2026/results/fig_channel_nmse_pilot_length_nested_high_mc-eps-converted-to.pdf, id=432, 352.31625pt x 275.0275pt>
File: simulation_results/ch5_pilot_length_nested_high_mc_2026/results/fig_channel_nmse_pilot_length_nested_high_mc-eps-converted-to.pdf Graphic file (type pdf)
<use simulation_results/ch5_pilot_length_nested_high_mc_2026/results/fig_channel_nmse_pilot_length_nested_high_mc-eps-converted-to.pdf>
Package pdftex.def Info: simulation_results/ch5_pilot_length_nested_high_mc_2026/results/fig_channel_nmse_pilot_length_nested_high_mc-eps-converted-to.pdf  used on input line 1532.
(pdftex.def)             Requested size: 239.39923pt x 186.88193pt.
Package epstopdf Info: Source file: <simulation_results/ch5_channel_estimation_2026/results/fig_channel_nmse_reference_amplitude.eps>
(epstopdf)                    date: 2026-08-28 16:33:23
(epstopdf)                    size: 19554 bytes
(epstopdf)             Output file: <simulation_results/ch5_channel_estimation_2026/results/fig_channel_nmse_reference_amplitude-eps-converted-to.pdf>
(epstopdf)                    date: 2026-08-28 16:36:22
(epstopdf)                    size: 10013 bytes
(epstopdf)             Command: <repstopdf --outfile=simulation_results/ch5_channel_estimation_2026/results/fig_channel_nmse_reference_amplitude-eps-converted-to.pdf simulation_results/ch5_channel_estimation_2026/results/fig_channel_nmse_reference_amplitude.eps>
(epstopdf)             \includegraphics on input line 1545.
Package epstopdf Info: Output file is already uptodate.
<simulation_results/ch5_channel_estimation_2026/results/fig_channel_nmse_reference_amplitude-eps-converted-to.pdf, id=434, 351.3125pt x 273.02pt>
File: simulation_results/ch5_channel_estimation_2026/results/fig_channel_nmse_reference_amplitude-eps-converted-to.pdf Graphic file (type pdf)
<use simulation_results/ch5_channel_estimation_2026/results/fig_channel_nmse_reference_amplitude-eps-converted-to.pdf>
Package pdftex.def Info: simulation_results/ch5_channel_estimation_2026/results/fig_channel_nmse_reference_amplitude-eps-converted-to.pdf  used on input line 1545.
(pdftex.def)             Requested size: 239.39923pt x 186.05107pt.
Package epstopdf Info: Source file: <simulation_results/ch5_reference_design_snr_high_mc_2026/results/fig_reference_design_nmse_snr.eps>
(epstopdf)                    date: 2026-09-03 16:58:08
(epstopdf)                    size: 27612 bytes
(epstopdf)             Output file: <simulation_results/ch5_reference_design_snr_high_mc_2026/results/fig_reference_design_nmse_snr-eps-converted-to.pdf>
(epstopdf)                    date: 2026-09-03 16:59:46
(epstopdf)                    size: 11963 bytes
(epstopdf)             Command: <repstopdf --outfile=simulation_results/ch5_reference_design_snr_high_mc_2026/results/fig_reference_design_nmse_snr-eps-converted-to.pdf simulation_results/ch5_reference_design_snr_high_mc_2026/results/fig_reference_design_nmse_snr.eps>
(epstopdf)             \includegraphics on input line 1560.
Package epstopdf Info: Output file is already uptodate.
<simulation_results/ch5_reference_design_snr_high_mc_2026/results/fig_reference_design_nmse_snr-eps-converted-to.pdf, id=436, 369.38pt x 286.06876pt>
File: simulation_results/ch5_reference_design_snr_high_mc_2026/results/fig_reference_design_nmse_snr-eps-converted-to.pdf Graphic file (type pdf)
<use simulation_results/ch5_reference_design_snr_high_mc_2026/results/fig_reference_design_nmse_snr-eps-converted-to.pdf>
Package pdftex.def Info: simulation_results/ch5_reference_design_snr_high_mc_2026/results/fig_reference_design_nmse_snr-eps-converted-to.pdf  used on input line 1560.
(pdftex.def)             Requested size: 239.39923pt x 185.40558pt.

Underfull \hbox (badness 2503) in paragraph at lines 1577--1582
\T1/ptm/m/n/10 bench-mark, whereas GS in-curs a mod-er-ate alternating-
 []

[9 <./simulation_results/ch5_doa_crlb_high_mc_2026/results/fig_doa_rmse_crlb_snr_high_mc-eps-converted-to.pdf> <./simulation_results/ch5_pilot_length_nested_high_mc_2026/results/fig_channel_nmse_pilot_length_nested_high_mc-eps-converted-to.pdf>]
Package epstopdf Info: Source file: <simulation_results/ch5_perfect_csi_detection_2026/results/fig_ser_algorithms_perfect_csi.eps>
(epstopdf)                    date: 2026-08-28 17:13:24
(epstopdf)                    size: 34775 bytes
(epstopdf)             Output file: <simulation_results/ch5_perfect_csi_detection_2026/results/fig_ser_algorithms_perfect_csi-eps-converted-to.pdf>
(epstopdf)                    date: 2026-08-28 17:15:44
(epstopdf)                    size: 11068 bytes
(epstopdf)             Command: <repstopdf --outfile=simulation_results/ch5_perfect_csi_detection_2026/results/fig_ser_algorithms_perfect_csi-eps-converted-to.pdf simulation_results/ch5_perfect_csi_detection_2026/results/fig_ser_algorithms_perfect_csi.eps>
(epstopdf)             \includegraphics on input line 1585.
Package epstopdf Info: Output file is already uptodate.
<simulation_results/ch5_perfect_csi_detection_2026/results/fig_ser_algorithms_perfect_csi-eps-converted-to.pdf, id=465, 355.3275pt x 275.0275pt>
File: simulation_results/ch5_perfect_csi_detection_2026/results/fig_ser_algorithms_perfect_csi-eps-converted-to.pdf Graphic file (type pdf)
<use simulation_results/ch5_perfect_csi_detection_2026/results/fig_ser_algorithms_perfect_csi-eps-converted-to.pdf>
Package pdftex.def Info: simulation_results/ch5_perfect_csi_detection_2026/results/fig_ser_algorithms_perfect_csi-eps-converted-to.pdf  used on input line 1585.
(pdftex.def)             Requested size: 241.92169pt x 187.25542pt.
Package epstopdf Info: Source file: <simulation_results/ch5_perfect_csi_reference_ser_high_mc_2026/results/fig_reference_design_ser_perfect_csi.eps>
(epstopdf)                    date: 2026-09-03 17:27:27
(epstopdf)                    size: 43675 bytes
(epstopdf)             Output file: <simulation_results/ch5_perfect_csi_reference_ser_high_mc_2026/results/fig_reference_design_ser_perfect_csi-eps-converted-to.pdf>
(epstopdf)                    date: 2026-09-03 17:28:45
(epstopdf)                    size: 12864 bytes
(epstopdf)             Command: <repstopdf --outfile=simulation_results/ch5_perfect_csi_reference_ser_high_mc_2026/results/fig_reference_design_ser_perfect_csi-eps-converted-to.pdf simulation_results/ch5_perfect_csi_reference_ser_high_mc_2026/results/fig_reference_design_ser_perfect_csi.eps>
(epstopdf)             \includegraphics on input line 1600.
Package epstopdf Info: Output file is already uptodate.
<simulation_results/ch5_perfect_csi_reference_ser_high_mc_2026/results/fig_reference_design_ser_perfect_csi-eps-converted-to.pdf, id=468, 372.39125pt x 288.07625pt>
File: simulation_results/ch5_perfect_csi_reference_ser_high_mc_2026/results/fig_reference_design_ser_perfect_csi-eps-converted-to.pdf Graphic file (type pdf)
<use simulation_results/ch5_perfect_csi_reference_ser_high_mc_2026/results/fig_reference_design_ser_perfect_csi-eps-converted-to.pdf>
Package pdftex.def Info: simulation_results/ch5_perfect_csi_reference_ser_high_mc_2026/results/fig_reference_design_ser_perfect_csi-eps-converted-to.pdf  used on input line 1600.
(pdftex.def)             Requested size: 246.95892pt x 191.04959pt.
Package epstopdf Info: Source file: <simulation_results/ch5_perfect_csi_detection_2026/results/fig_ser_vs_dmin.eps>
(epstopdf)                    date: 2026-08-28 17:13:30
(epstopdf)                    size: 29870 bytes
(epstopdf)             Output file: <simulation_results/ch5_perfect_csi_detection_2026/results/fig_ser_vs_dmin-eps-converted-to.pdf>
(epstopdf)                    date: 2026-08-28 17:15:47
(epstopdf)                    size: 17455 bytes
(epstopdf)             Command: <repstopdf --outfile=simulation_results/ch5_perfect_csi_detection_2026/results/fig_ser_vs_dmin-eps-converted-to.pdf simulation_results/ch5_perfect_csi_detection_2026/results/fig_ser_vs_dmin.eps>
(epstopdf)             \includegraphics on input line 1615.
Package epstopdf Info: Output file is already uptodate.
<simulation_results/ch5_perfect_csi_detection_2026/results/fig_ser_vs_dmin-eps-converted-to.pdf, id=471, 356.33125pt x 271.0125pt>
File: simulation_results/ch5_perfect_csi_detection_2026/results/fig_ser_vs_dmin-eps-converted-to.pdf Graphic file (type pdf)
<use simulation_results/ch5_perfect_csi_detection_2026/results/fig_ser_vs_dmin-eps-converted-to.pdf>
Package pdftex.def Info: simulation_results/ch5_perfect_csi_detection_2026/results/fig_ser_vs_dmin-eps-converted-to.pdf  used on input line 1615.
(pdftex.def)             Requested size: 241.92169pt x 183.99658pt.
Package epstopdf Info: Source file: <simulation_results/ch5_perfect_csi_modulation_order_extended_2026/results/fig_ser_modulation_order_extended.eps>
(epstopdf)                    date: 2026-09-03 19:39:04
(epstopdf)                    size: 45543 bytes
(epstopdf)             Output file: <simulation_results/ch5_perfect_csi_modulation_order_extended_2026/results/fig_ser_modulation_order_extended-eps-converted-to.pdf>
(epstopdf)                    date: 2026-09-03 19:40:44
(epstopdf)                    size: 12040 bytes
(epstopdf)             Command: <repstopdf --outfile=simulation_results/ch5_perfect_csi_modulation_order_extended_2026/results/fig_ser_modulation_order_extended-eps-converted-to.pdf simulation_results/ch5_perfect_csi_modulation_order_extended_2026/results/fig_ser_modulation_order_extended.eps>
(epstopdf)             \includegraphics on input line 1631.
Package epstopdf Info: Output file is already uptodate.
<simulation_results/ch5_perfect_csi_modulation_order_extended_2026/results/fig_ser_modulation_order_extended-eps-converted-to.pdf, id=473, 373.395pt x 288.07625pt>
File: simulation_results/ch5_perfect_csi_modulation_order_extended_2026/results/fig_ser_modulation_order_extended-eps-converted-to.pdf Graphic file (type pdf)
<use simulation_results/ch5_perfect_csi_modulation_order_extended_2026/results/fig_ser_modulation_order_extended-eps-converted-to.pdf>
Package pdftex.def Info: simulation_results/ch5_perfect_csi_modulation_order_extended_2026/results/fig_ser_modulation_order_extended-eps-converted-to.pdf  used on input line 1631.
(pdftex.def)             Requested size: 241.92169pt x 186.64513pt.
 [10 <./simulation_results/ch5_channel_estimation_2026/results/fig_channel_nmse_reference_amplitude-eps-converted-to.pdf> <./simulation_results/ch5_reference_design_snr_high_mc_2026/results/fig_reference_design_nmse_snr-eps-converted-to.pdf> <./simulation_results/ch5_perfect_csi_detection_2026/results/fig_ser_algorithms_perfect_csi-eps-converted-to.pdf> <./simulation_results/ch5_perfect_csi_reference_ser_high_mc_2026/results/fig_reference_design_ser_perfect_csi-eps-converted-to.pdf>]
Package epstopdf Info: Source file: <simulation_results/ch5_end_to_end_estimated_csi_2026/results/fig_ser_perfect_estimated_csi.eps>
(epstopdf)                    date: 2026-08-31 15:57:02
(epstopdf)                    size: 39950 bytes
(epstopdf)             Output file: <simulation_results/ch5_end_to_end_estimated_csi_2026/results/fig_ser_perfect_estimated_csi-eps-converted-to.pdf>
(epstopdf)                    date: 2026-08-31 15:59:32
(epstopdf)                    size: 12706 bytes
(epstopdf)             Command: <repstopdf --outfile=simulation_results/ch5_end_to_end_estimated_csi_2026/results/fig_ser_perfect_estimated_csi-eps-converted-to.pdf simulation_results/ch5_end_to_end_estimated_csi_2026/results/fig_ser_perfect_estimated_csi.eps>
(epstopdf)             \includegraphics on input line 1647.
Package epstopdf Info: Output file is already uptodate.
<simulation_results/ch5_end_to_end_estimated_csi_2026/results/fig_ser_perfect_estimated_csi-eps-converted-to.pdf, id=508, 372.39125pt x 288.07625pt>
File: simulation_results/ch5_end_to_end_estimated_csi_2026/results/fig_ser_perfect_estimated_csi-eps-converted-to.pdf Graphic file (type pdf)
<use simulation_results/ch5_end_to_end_estimated_csi_2026/results/fig_ser_perfect_estimated_csi-eps-converted-to.pdf>
Package pdftex.def Info: simulation_results/ch5_end_to_end_estimated_csi_2026/results/fig_ser_perfect_estimated_csi-eps-converted-to.pdf  used on input line 1647.
(pdftex.def)             Requested size: 244.4403pt x 189.10231pt.
Package epstopdf Info: Source file: <simulation_results/ch5_end_to_end_reference_ser_snr_2026/results/fig_reference_design_ser_snr_end_to_end.eps>
(epstopdf)                    date: 2026-09-04 16:17:44
(epstopdf)                    size: 73656 bytes
(epstopdf)             Output file: <simulation_results/ch5_end_to_end_reference_ser_snr_2026/results/fig_reference_design_ser_snr_end_to_end-eps-converted-to.pdf>
(epstopdf)                    date: 2026-09-04 16:19:24
(epstopdf)                    size: 17121 bytes
(epstopdf)             Command: <repstopdf --outfile=simulation_results/ch5_end_to_end_reference_ser_snr_2026/results/fig_reference_design_ser_snr_end_to_end-eps-converted-to.pdf simulation_results/ch5_end_to_end_reference_ser_snr_2026/results/fig_reference_design_ser_snr_end_to_end.eps>
(epstopdf)             \includegraphics on input line 1662.
Package epstopdf Info: Output file is already uptodate.
<simulation_results/ch5_end_to_end_reference_ser_snr_2026/results/fig_reference_design_ser_snr_end_to_end-eps-converted-to.pdf, id=510, 421.575pt x 487.8225pt>
File: simulation_results/ch5_end_to_end_reference_ser_snr_2026/results/fig_reference_design_ser_snr_end_to_end-eps-converted-to.pdf Graphic file (type pdf)
<use simulation_results/ch5_end_to_end_reference_ser_snr_2026/results/fig_reference_design_ser_snr_end_to_end-eps-converted-to.pdf>
Package pdftex.def Info: simulation_results/ch5_end_to_end_reference_ser_snr_2026/results/fig_reference_design_ser_snr_end_to_end-eps-converted-to.pdf  used on input line 1662.
(pdftex.def)             Requested size: 246.95892pt x 285.77324pt.
Package epstopdf Info: Source file: <simulation_results/ch5_reference_ris_diversity_extended_2026/results/fig_ris_element_measurement_diversity.eps>
(epstopdf)                    date: 2026-09-04 16:56:46
(epstopdf)                    size: 63177 bytes
(epstopdf)             Output file: <simulation_results/ch5_reference_ris_diversity_extended_2026/results/fig_ris_element_measurement_diversity-eps-converted-to.pdf>
(epstopdf)                    date: 2026-09-04 16:58:28
(epstopdf)                    size: 14400 bytes
(epstopdf)             Command: <repstopdf --outfile=simulation_results/ch5_reference_ris_diversity_extended_2026/results/fig_ris_element_measurement_diversity-eps-converted-to.pdf simulation_results/ch5_reference_ris_diversity_extended_2026/results/fig_ris_element_measurement_diversity.eps>
(epstopdf)             \includegraphics on input line 1683.
Package epstopdf Info: Output file is already uptodate.
<simulation_results/ch5_reference_ris_diversity_extended_2026/results/fig_ris_element_measurement_diversity-eps-converted-to.pdf, id=512, 649.42625pt x 258.9675pt>
File: simulation_results/ch5_reference_ris_diversity_extended_2026/results/fig_ris_element_measurement_diversity-eps-converted-to.pdf Graphic file (type pdf)
<use simulation_results/ch5_reference_ris_diversity_extended_2026/results/fig_ris_element_measurement_diversity-eps-converted-to.pdf>
Package pdftex.def Info: simulation_results/ch5_reference_ris_diversity_extended_2026/results/fig_ris_element_measurement_diversity-eps-converted-to.pdf  used on input line 1683.
(pdftex.def)             Requested size: 252.0pt x 100.48715pt.

Underfull \hbox (badness 1540) in paragraph at lines 1688--1693
[]\T1/ptm/m/n/10 Reference-state di-ver-sity gives the anal-o-gous trend in
 []

[11 <./simulation_results/ch5_perfect_csi_detection_2026/results/fig_ser_vs_dmin-eps-converted-to.pdf> <./simulation_results/ch5_perfect_csi_modulation_order_extended_2026/results/fig_ser_modulation_order_extended-eps-converted-to.pdf> <./simulation_results/ch5_end_to_end_estimated_csi_2026/results/fig_ser_perfect_estimated_csi-eps-converted-to.pdf> <./simulation_results/ch5_end_to_end_reference_ser_snr_2026/results/fig_reference_design_ser_snr_end_to_end-eps-converted-to.pdf>]
Package epstopdf Info: Source file: <simulation_results/ch5_reference_ris_diversity_extended_2026/results/fig_reference_state_diversity.eps>
(epstopdf)                    date: 2026-09-04 16:56:50
(epstopdf)                    size: 36988 bytes
(epstopdf)             Output file: <simulation_results/ch5_reference_ris_diversity_extended_2026/results/fig_reference_state_diversity-eps-converted-to.pdf>
(epstopdf)                    date: 2026-09-04 16:58:30
(epstopdf)                    size: 13462 bytes
(epstopdf)             Command: <repstopdf --outfile=simulation_results/ch5_reference_ris_diversity_extended_2026/results/fig_reference_state_diversity-eps-converted-to.pdf simulation_results/ch5_reference_ris_diversity_extended_2026/results/fig_reference_state_diversity.eps>
(epstopdf)             \includegraphics on input line 1696.
Package epstopdf Info: Output file is already uptodate.
<simulation_results/ch5_reference_ris_diversity_extended_2026/results/fig_reference_state_diversity-eps-converted-to.pdf, id=550, 643.40375pt x 260.975pt>
File: simulation_results/ch5_reference_ris_diversity_extended_2026/results/fig_reference_state_diversity-eps-converted-to.pdf Graphic file (type pdf)
<use simulation_results/ch5_reference_ris_diversity_extended_2026/results/fig_reference_state_diversity-eps-converted-to.pdf>
Package pdftex.def Info: simulation_results/ch5_reference_ris_diversity_extended_2026/results/fig_reference_state_diversity-eps-converted-to.pdf  used on input line 1696.
(pdftex.def)             Requested size: 252.0pt x 102.2139pt.
Package epstopdf Info: Source file: <simulation_results/ch5_reference_ris_diversity_extended_2026/results/fig_angular_separation_end_to_end.eps>
(epstopdf)                    date: 2026-09-04 16:56:59
(epstopdf)                    size: 42295 bytes
(epstopdf)             Output file: <simulation_results/ch5_reference_ris_diversity_extended_2026/results/fig_angular_separation_end_to_end-eps-converted-to.pdf>
(epstopdf)                    date: 2026-09-04 16:58:32
(epstopdf)                    size: 15643 bytes
(epstopdf)             Command: <repstopdf --outfile=simulation_results/ch5_reference_ris_diversity_extended_2026/results/fig_angular_separation_end_to_end-eps-converted-to.pdf simulation_results/ch5_reference_ris_diversity_extended_2026/results/fig_angular_separation_end_to_end.eps>
(epstopdf)             \includegraphics on input line 1711.
Package epstopdf Info: Output file is already uptodate.
<simulation_results/ch5_reference_ris_diversity_extended_2026/results/fig_angular_separation_end_to_end-eps-converted-to.pdf, id=552, 636.3775pt x 261.97874pt>
File: simulation_results/ch5_reference_ris_diversity_extended_2026/results/fig_angular_separation_end_to_end-eps-converted-to.pdf Graphic file (type pdf)
<use simulation_results/ch5_reference_ris_diversity_extended_2026/results/fig_angular_separation_end_to_end-eps-converted-to.pdf>
Package pdftex.def Info: simulation_results/ch5_reference_ris_diversity_extended_2026/results/fig_angular_separation_end_to_end-eps-converted-to.pdf  used on input line 1711.
(pdftex.def)             Requested size: 252.0pt x 103.7383pt.
Package epstopdf Info: Source file: <simulation_results/ch5_reference_ris_diversity_extended_2026/results/fig_joint_reference_ris_diversity.eps>
(epstopdf)                    date: 2026-09-04 16:57:13
(epstopdf)                    size: 32988 bytes
(epstopdf)             Output file: <simulation_results/ch5_reference_ris_diversity_extended_2026/results/fig_joint_reference_ris_diversity-eps-converted-to.pdf>
(epstopdf)                    date: 2026-09-04 16:58:33
(epstopdf)                    size: 13273 bytes
(epstopdf)             Command: <repstopdf --outfile=simulation_results/ch5_reference_ris_diversity_extended_2026/results/fig_joint_reference_ris_diversity-eps-converted-to.pdf simulation_results/ch5_reference_ris_diversity_extended_2026/results/fig_joint_reference_ris_diversity.eps>
(epstopdf)             \includegraphics on input line 1724.
Package epstopdf Info: Output file is already uptodate.
<simulation_results/ch5_reference_ris_diversity_extended_2026/results/fig_joint_reference_ris_diversity-eps-converted-to.pdf, id=554, 372.39125pt x 288.07625pt>
File: simulation_results/ch5_reference_ris_diversity_extended_2026/results/fig_joint_reference_ris_diversity-eps-converted-to.pdf Graphic file (type pdf)
<use simulation_results/ch5_reference_ris_diversity_extended_2026/results/fig_joint_reference_ris_diversity-eps-converted-to.pdf>
Package pdftex.def Info: simulation_results/ch5_reference_ris_diversity_extended_2026/results/fig_joint_reference_ris_diversity-eps-converted-to.pdf  used on input line 1724.
(pdftex.def)             Requested size: 252.0pt x 194.94856pt.
 (./main.bbl [12 <./simulation_results/ch5_reference_ris_diversity_extended_2026/results/fig_ris_element_measurement_diversity-eps-converted-to.pdf> <./simulation_results/ch5_reference_ris_diversity_extended_2026/results/fig_reference_state_diversity-eps-converted-to.pdf> <./simulation_results/ch5_reference_ris_diversity_extended_2026/results/fig_angular_separation_end_to_end-eps-converted-to.pdf> <./simulation_results/ch5_reference_ris_diversity_extended_2026/results/fig_joint_reference_ris_diversity-eps-converted-to.pdf>]) [13] (./main.aux)
 ***********
LaTeX2e <2025-11-01>
L3 programming layer <2026-01-19>
 ***********
Package rerunfilecheck Info: File `main.out' has not changed.
(rerunfilecheck)             Checksum: C433D8B7782D7C7E857F8EC52C5BFC9D;8036.
 ) 
Here is how much of TeX's memory you used:
 13217 strings out of 467525
 215479 string characters out of 5421102
 650405 words of memory out of 5000000
 41707 multiletter control sequences out of 15000+600000
 747267 words of font info for 173 fonts, out of 8000000 for 9000
 1141 hyphenation exceptions out of 8191
 75i,19n,79p,1157b,608s stack positions out of 10000i,1000n,20000p,200000b,200000s
<d:/APP/texlive/2026/texmf-dist/fonts/type1/public/amsfonts/cm/cmbx10.pfb><d:/APP/texlive/2026/texmf-dist/fonts/type1/public/amsfonts/cm/cmbx7.pfb><d:/APP/texlive/2026/texmf-dist/fonts/type1/public/amsfonts/cm/cmex10.pfb><d:/APP/texlive/2026/texmf-dist/fonts/type1/public/amsfonts/cmextra/cmex8.pfb><d:/APP/texlive/2026/texmf-dist/fonts/type1/public/amsfonts/cm/cmmi10.pfb><d:/APP/texlive/2026/texmf-dist/fonts/type1/public/amsfonts/cm/cmmi5.pfb><d:/APP/texlive/2026/texmf-dist/fonts/type1/public/amsfonts/cm/cmmi6.pfb><d:/APP/texlive/2026/texmf-dist/fonts/type1/public/amsfonts/cm/cmmi7.pfb><d:/APP/texlive/2026/texmf-dist/fonts/type1/public/amsfonts/cm/cmmi8.pfb><d:/APP/texlive/2026/texmf-dist/fonts/type1/public/amsfonts/cm/cmmib10.pfb><d:/APP/texlive/2026/texmf-dist/fonts/type1/public/amsfonts/cmextra/cmmib7.pfb><d:/APP/texlive/2026/texmf-dist/fonts/type1/public/amsfonts/cm/cmr10.pfb><d:/APP/texlive/2026/texmf-dist/fonts/type1/public/amsfonts/cm/cmr5.pfb><d:/APP/texlive/2026/texmf-dist/fonts/type1/public/amsfonts/cm/cmr6.pfb><d:/APP/texlive/2026/texmf-dist/fonts/type1/public/amsfonts/cm/cmr7.pfb><d:/APP/texlive/2026/texmf-dist/fonts/type1/public/amsfonts/cm/cmr8.pfb><d:/APP/texlive/2026/texmf-dist/fonts/type1/public/amsfonts/cm/cmss8.pfb><d:/APP/texlive/2026/texmf-dist/fonts/type1/public/amsfonts/cm/cmsy10.pfb><d:/APP/texlive/2026/texmf-dist/fonts/type1/public/amsfonts/cm/cmsy5.pfb><d:/APP/texlive/2026/texmf-dist/fonts/type1/public/amsfonts/cm/cmsy7.pfb><d:/APP/texlive/2026/texmf-dist/fonts/type1/public/amsfonts/cm/cmsy8.pfb><d:/APP/texlive/2026/texmf-dist/fonts/type1/public/amsfonts/symbols/msam10.pfb><d:/APP/texlive/2026/texmf-dist/fonts/type1/public/amsfonts/symbols/msbm10.pfb><d:/APP/texlive/2026/texmf-dist/fonts/type1/public/amsfonts/symbols/msbm7.pfb><d:/APP/texlive/2026/texmf-dist/fonts/type1/urw/times/utmb8a.pfb><d:/APP/texlive/2026/texmf-dist/fonts/type1/urw/times/utmbi8a.pfb><d:/APP/texlive/2026/texmf-dist/fonts/type1/urw/times/utmr8a.pfb><d:/APP/texlive/2026/texmf-dist/fonts/type1/urw/times/utmri8a.pfb>
Output written on main.pdf (13 pages, 580618 bytes).
PDF statistics:
 776 PDF objects out of 1000 (max. 8388607)
 653 compressed objects within 7 object streams
 220 named destinations out of 1000 (max. 500000)
 348 words of extra memory for PDF output out of 10000 (max. 10000000)

